Load Map - Tue May 31 14:04:32 PDT 2016

Main class:       MyBot
Classes:          83
Interfaces:       13
Methods:          272
Constants:        185
Instance fields:  192
Static fields:    39
Static data size: 221
Code size:        15469
Start address:    8000
End address:      bc6c

8142 8166 java.lang.Object.toString()
816a 816b java.lang.Object.<init>()
8170 8183 java.lang.Object.getClass()
818d 81a1 java.lang.Object.clone()
81b7 81bd java.lang.Object.wait()
81c2 81ee java.lang.Object.wait(long)
8301 8312 java.lang.Thread.run()
8317 831d java.lang.Thread.setName(java.lang.String)
8321 834c java.lang.Thread.sleep(long)
8350 8355 java.lang.Thread.<clinit>()
8363 8369 java.lang.Thread.<init>()
836e 8387 java.lang.Thread.setPriority(int)
8397 83af java.lang.Thread.<init>(java.lang.Runnable)
83b4 83e4 java.lang.Thread.toString()
83ed 840c java.lang.Thread.<init>(java.lang.Runnable, java.lang.String)
8416 841b java.lang.Thread.getName()
847a 84b9 com.ridgesoft.intellibrain.StartupThread.run()
8513 8541 AnalogShaftEncoder.<init>(com.ridgesoft.robotics.AnalogInput, int, int, int, int)
854e 85d4 AnalogShaftEncoder.run()
85d9 85de AnalogShaftEncoder.getCounts()
85e3 85e9 AnalogShaftEncoder.updateDirection(boolean)
865e 86b5 OdometricLocalizer.<init>(com.ridgesoft.robotics.ShaftEncoder, com.ridgesoft.robotics.ShaftEncoder, float, float, int, int, int)
86d0 87b4 OdometricLocalizer.run()
87b8 87c8 OdometricLocalizer.this()
87cd 87e1 OdometricLocalizer.getPose()
8893 88e4 DifferentialDriveNavigator.<init>(com.ridgesoft.robotics.Motor, com.ridgesoft.robotics.Motor, Localizer, int, int, float, float, float, int, int)
88f1 8937 DifferentialDriveNavigator.run()
893b 89b9 DifferentialDriveNavigator.goToPoint()
89bd 8a16 DifferentialDriveNavigator.goHeading()
8a1a 8ac5 DifferentialDriveNavigator.doRotate()
8ac9 8ae0 DifferentialDriveNavigator.updateListener(boolean, NavigatorListener)
8ae5 8aed DifferentialDriveNavigator.turnTo(float, boolean)
8af2 8af7 DifferentialDriveNavigator.forward()
8afc 8b05 DifferentialDriveNavigator.moveTo(float, float, boolean)
8b0a 8b2a DifferentialDriveNavigator.stop()
8b2f 8b34 DifferentialDriveNavigator.backup()
8b41 8b63 DifferentialDriveNavigator.turnTo(float, boolean, NavigatorListener)
8b6f 8ba8 DifferentialDriveNavigator.help_forward()
8bb4 8bd8 DifferentialDriveNavigator.moveTo(float, float, boolean, NavigatorListener)
8be4 8c1d DifferentialDriveNavigator.help_backup()
8c21 8c41 DifferentialDriveNavigator.normalizeAngle(float)
8c93 8ce8 IRSensor.<init>(BlockingQueue, float, int, int)
8cf5 8d5a IRSensor.run()
8d99 8dbd ScreenManager.<init>(com.ridgesoft.io.Display, Screen[], com.ridgesoft.robotics.AnalogInput, int, int)
8dd1 8e17 ScreenManager.run()
8e63 8e6d java.lang.String.createString(byte[])
8e71 8e80 java.lang.String.<init>(byte[], int)
8e85 8e90 java.lang.String.getBytes()
8e95 8e97 java.lang.String.toString()
8e9b 8ea0 java.lang.String.valueOf(java.lang.Object)
8ea4 8eb5 java.lang.String.<init>()
8eb9 8ece java.lang.String.<init>(byte[])
8ed3 8ed9 java.lang.String.length()
8ede 8f00 java.lang.String.getBytes(int, int, byte[], int)
8f04 8f34 java.lang.String.<init>(char[], int, int)
8f38 8f62 java.lang.String.<init>(byte[], int, int)
8ff6 90f4 java.lang.Throwable.vmThrow(int)
9100 9125 java.lang.Throwable.<init>()
9132 91d7 java.lang.Throwable.printStackTrace()
91db 9202 java.lang.Throwable.<clinit>()
920b 9213 java.lang.Throwable.init()
921f 9261 java.lang.Throwable.<init>(java.lang.String)
9307 9311 java.lang.InternalError.<init>()
9315 9320 java.lang.InternalError.<init>(java.lang.String)
934f 9359 java.lang.OutOfMemoryError.<init>()
935d 9368 java.lang.OutOfMemoryError.<init>(java.lang.String)
9399 93a3 java.lang.StackOverflowError.<init>()
93a7 93b2 java.lang.StackOverflowError.<init>(java.lang.String)
97ab 996b MyBot.main(java.lang.String[])
999f 99b5 java.io.OutputStream.write(byte[])
99bf 99c0 java.io.OutputStream.flush()
99c5 99e3 java.io.OutputStream.write(byte[], int, int)
9a1e 9a28 java.io.FilterOutputStream.<init>(java.io.OutputStream)
9a2d 9a36 java.io.FilterOutputStream.write(byte[])
9a3b 9a44 java.io.FilterOutputStream.write(int)
9a49 9a51 java.io.FilterOutputStream.flush()
9a56 9a61 java.io.FilterOutputStream.write(byte[], int, int)
9a94 9a9f java.io.PrintStream.<init>(java.io.OutputStream)
9aa4 9aae java.io.PrintStream.println(java.lang.String)
9abb 9ad2 java.io.PrintStream.print(java.lang.String)
9adf 9af9 java.io.PrintStream.println()
9b33 9b42 com.ridgesoft.io.OutputStreamTee.<init>(java.io.OutputStream, java.io.OutputStream)
9b56 9b6f com.ridgesoft.io.OutputStreamTee.write(byte[])
9b83 9b9c com.ridgesoft.io.OutputStreamTee.write(int)
9bb0 9bc7 com.ridgesoft.io.OutputStreamTee.flush()
9bdb 9bf8 com.ridgesoft.io.OutputStreamTee.write(byte[], int, int)
9c47 9caa com.ridgesoft.io.DisplayOutputStream.<init>(com.ridgesoft.io.Display)
9cae 9cbb com.ridgesoft.io.DisplayOutputStream.<clinit>()
9cc0 9cc9 com.ridgesoft.io.DisplayOutputStream.write(byte[])
9cce 9d1b com.ridgesoft.io.DisplayOutputStream.write(int)
9d20 9d4c com.ridgesoft.io.DisplayOutputStream.flush()
9d51 9d5d com.ridgesoft.io.DisplayOutputStream.write(byte[], int, int)
9d61 9ddf com.ridgesoft.io.DisplayOutputStream.scroll()
9e29 9e32 com.ridgesoft.vm.DebugOutputStream.write(byte[])
9e36 9e3b com.ridgesoft.vm.DebugOutputStream.<clinit>()
9e40 9e89 com.ridgesoft.vm.DebugOutputStream.write(int)
9e96 9eb7 com.ridgesoft.vm.DebugOutputStream.flush()
9ebc 9ec8 com.ridgesoft.vm.DebugOutputStream.write(byte[], int, int)
9eeb 9eef com.ridgesoft.vm.VM.getDebugOutputStream()
9efd 9f0c com.ridgesoft.vm.VM.<clinit>()
9f1f 9f2e com.ridgesoft.vm.VM.isSet(int, int)
9f82 9f99 com.ridgesoft.intellibrain.IntelliBrain.getOutputStream()
9f9d 9fb1 com.ridgesoft.intellibrain.IntelliBrain.getLcdDisplay()
9fb5 9fcf com.ridgesoft.intellibrain.IntelliBrain.getStartButton()
9fd3 9fed com.ridgesoft.intellibrain.IntelliBrain.getStopButton()
9ff1 a066 com.ridgesoft.intellibrain.IntelliBrain.getAnalogInput(int)
a06a a0ad com.ridgesoft.intellibrain.IntelliBrain.getServo(int)
a0b6 a0cf com.ridgesoft.intellibrain.IntelliBrain.getThumbWheel()
a0d3 a18e com.ridgesoft.intellibrain.IntelliBrain.getPinPortData(byte)
a192 a199 com.ridgesoft.intellibrain.IntelliBrain.<clinit>()
a1a5 a24b com.ridgesoft.intellibrain.IntelliBrain.initialize()
a27c a281 java.lang.System.setOut(java.io.PrintStream)
a285 a28a java.lang.System.setErr(java.io.PrintStream)
a2f6 a307 BlockingQueue.<init>()
a30b a321 BlockingQueue.this()
a326 a350 BlockingQueue.put(int)
a355 a380 BlockingQueue.get()
a38d a3a6 BlockingQueue.waitWhileFull()
a3b3 a3ca BlockingQueue.waitWhileEmpty()
a442 a45c ContinuousRotationServo.<init>(com.ridgesoft.robotics.Servo, boolean, int, DirectionListener)
a461 a4bf ContinuousRotationServo.setPower(int)
a4c4 a4ca ContinuousRotationServo.brake()
a549 a56e Pounce_FSM.<init>(Navigator, Localizer)
a573 a5ea Pounce_FSM.run()
a5ee a5fe Pounce_FSM.this()
a603 a63a Pounce_FSM.dispatch(int)
a699 a6cd Home_FSM.<init>(Navigator, Localizer)
a6f6 a7f4 Home_FSM.run()
a7f8 a7fe Home_FSM.this()
a803 a83a Home_FSM.dispatch(int)
a8ae a8cc Home_Behavior.<init>(Home_FSM, BlockingQueue)
a8d1 a8eb Home_Behavior.run()
a8f0 a8f3 Home_Behavior.toString()
a945 a963 Pounce_Behavior.<init>(Pounce_FSM, BlockingQueue)
a968 a982 Pounce_Behavior.run()
a987 a98a Pounce_Behavior.toString()
a9d5 a9df com.ridgesoft.io.Display.print(int, java.lang.String)
a9e4 aa18 com.ridgesoft.io.Display.print(int, byte[])
aa1d aa22 com.ridgesoft.io.Display.getWidth()
aa27 aa2c com.ridgesoft.io.Display.getHeight()
aa30 aa41 com.ridgesoft.io.Display.<init>(int, int)
aa7b aa83 com.ridgesoft.intellibrain.IntelliBrainDisplay.<init>()
aa88 aa8f com.ridgesoft.intellibrain.IntelliBrainDisplay.printChar(int, int, byte)
ab00 ab0a PoseScreen.<init>(Localizer)
ab0f ab52 PoseScreen.update(com.ridgesoft.io.Display)
aba5 abb4 EncoderCountsScreen.<init>(com.ridgesoft.robotics.ShaftEncoder, com.ridgesoft.robotics.ShaftEncoder)
abb9 abf8 EncoderCountsScreen.update(com.ridgesoft.io.Display)
ac4d ac5c WheelSensorScreen.<init>(com.ridgesoft.robotics.AnalogInput, com.ridgesoft.robotics.AnalogInput)
ac61 ac9c WheelSensorScreen.update(com.ridgesoft.io.Display)
acd4 ace3 StaticTextScreen.<init>(java.lang.String, java.lang.String)
ace8 acfb StaticTextScreen.update(com.ridgesoft.io.Display)
ad21 ad26 java.lang.Class.getName()
ad2a ad34 java.lang.Class.<init>(java.lang.String)
ade3 adfe java.lang.StringBuilder.<init>(java.lang.String)
ae03 ae2c java.lang.StringBuilder.append(java.lang.String)
ae31 ae42 java.lang.StringBuilder.toString()
ae47 ae80 java.lang.StringBuilder.ensureCapacity(int)
ae85 aee0 java.lang.StringBuilder.append(int)
aee5 af12 java.lang.StringBuilder.append(char[], int, int)
af16 af28 java.lang.StringBuilder.<init>()
af2d b004 java.lang.StringBuilder.append(float)
b009 b010 java.lang.StringBuilder.append(double)
b015 b033 java.lang.StringBuilder.append(char)
b05a b09e java.lang.Integer.toHexString(int)
b0a3 b0ab java.lang.Integer.toString()
b0af b0be java.lang.Integer.toString(int)
b0f3 b102 com.ridgesoft.intellibrain.IntelliBrainPinPort.<init>(com.ridgesoft.intellibrain.IntelliBrainPinPortData)
b107 b138 com.ridgesoft.intellibrain.IntelliBrainPinPort.setPullUp(boolean)
b187 b192 com.ridgesoft.intellibrain.IntelliBrainButtonLed.<init>(com.ridgesoft.intellibrain.IntelliBrainPinPortData, byte)
b19f b1b1 com.ridgesoft.intellibrain.IntelliBrainButtonLed.waitReleased()
b1b6 b1be com.ridgesoft.intellibrain.IntelliBrainButtonLed.isPressed()
b20e b216 com.ridgesoft.intellibrain.IntelliBrainAnalogInput.toString()
b21a b221 com.ridgesoft.intellibrain.IntelliBrainAnalogInput.<clinit>()
b226 b231 com.ridgesoft.intellibrain.IntelliBrainAnalogInput.sample()
b235 b23e com.ridgesoft.intellibrain.IntelliBrainAnalogInput.enableAToD()
b243 b247 com.ridgesoft.intellibrain.IntelliBrainAnalogInput.getMaximum()
b24b b26f com.ridgesoft.intellibrain.IntelliBrainAnalogInput.sample(byte)
b2bc b2d1 com.ridgesoft.intellibrain.IntelliBrainExpAnalogInput.<init>(com.ridgesoft.intellibrain.IntelliBrainPinPortData, byte, boolean)
b2d6 b2db com.ridgesoft.intellibrain.IntelliBrainExpAnalogInput.sample()
b2df b300 com.ridgesoft.intellibrain.IntelliBrainExpAnalogInput.expansionSample(com.ridgesoft.intellibrain.IntelliBrainExpAnalogInput)
b309 b30f com.ridgesoft.intellibrain.IntelliBrainExpAnalogInput.setMuxPortPullUp(boolean)
b314 b32d com.ridgesoft.intellibrain.IntelliBrainExpAnalogInput.setPullUp(boolean)
b3b3 b3be com.ridgesoft.intellibrain.IntelliBrainServo.<init>(int)
b3c3 b3cc com.ridgesoft.intellibrain.IntelliBrainServo.off()
b3d1 b3da com.ridgesoft.intellibrain.IntelliBrainServo.setPosition(int)
b448 b45c Pose.<init>(float, float, float)
b4d6 b4f6 com.ridgesoft.robotics.sensors.SharpGP2D12.<init>(com.ridgesoft.robotics.AnalogInput, com.ridgesoft.robotics.DigitalOutput)
b503 b544 com.ridgesoft.robotics.sensors.SharpGP2D12.ping()
b549 b55c com.ridgesoft.robotics.sensors.SharpGP2D12.getDistanceInches()
b561 b58c com.ridgesoft.robotics.sensors.SharpGP2D12.getDistanceCm()
b5e7 b607 com.ridgesoft.intellibrain.IntelliBrainPinPortData.<init>(byte, short, short, short, byte)
b6d9 b781 java.lang.Math.cos(double)
b785 b78e java.lang.Math.sin(double)
b792 b805 java.lang.Math.atan2(double, double)
b809 b814 java.lang.Math.abs(float)
b818 b838 java.lang.Math.atan2Helper(double)
b83c b842 java.lang.Math.toDegrees(double)
b846 b8cf java.lang.Math.log(double)
b8d3 b8dd java.lang.Math.pow(double, double)
b8e1 b943 java.lang.Math.exp(double)
b99b b9ab java.lang.Float.isNaN(float)
b9af b9bf java.lang.Float.isInfinite(float)
b9c4 b9cb java.lang.Float.toString()
b9d4 b9e3 java.lang.Float.toString(float)
b9e7 ba0f java.lang.Float.<clinit>()
ba67 ba6e java.lang.Double.toString()
ba72 ba81 java.lang.Double.toString(double)
ba85 bab2 java.lang.Double.<clinit>()
bb28 bb43 java.lang.StringBuffer.<init>(java.lang.String)
bb48 bba3 java.lang.StringBuffer.append(int)
bba8 bbb9 java.lang.StringBuffer.toString()
bbbd bbcf java.lang.StringBuffer.<init>()
bbd4 bbfd java.lang.StringBuffer.append(java.lang.String)
bc02 bc2f java.lang.StringBuffer.append(char[], int, int)
bc34 bc6d java.lang.StringBuffer.ensureCapacity(int)
