Load Map - Thu May 26 19:38:45 PDT 2016

Main class:       MyBot
Classes:          81
Interfaces:       13
Methods:          251
Constants:        179
Instance fields:  182
Static fields:    39
Static data size: 219
Code size:        14471
Start address:    8000
End address:      b886

813e 8162 java.lang.Object.toString()
8166 8167 java.lang.Object.<init>()
816c 817f java.lang.Object.getClass()
8189 819d java.lang.Object.clone()
81b3 81b9 java.lang.Object.wait()
81be 81ea java.lang.Object.wait(long)
82fd 830e java.lang.Thread.run()
8313 8319 java.lang.Thread.setName(java.lang.String)
831d 8348 java.lang.Thread.sleep(long)
834c 8364 java.lang.Thread.<init>(java.lang.Runnable)
8374 8379 java.lang.Thread.<clinit>()
8387 838d java.lang.Thread.<init>()
8392 83ab java.lang.Thread.setPriority(int)
83af 83ce java.lang.Thread.<init>(java.lang.Runnable, java.lang.String)
83d3 8403 java.lang.Thread.toString()
8417 841c java.lang.Thread.getName()
8476 84b5 com.ridgesoft.intellibrain.StartupThread.run()
850f 853d AnalogShaftEncoder.<init>(com.ridgesoft.robotics.AnalogInput, int, int, int, int)
854a 85d0 AnalogShaftEncoder.run()
85d5 85da AnalogShaftEncoder.getCounts()
85df 85e5 AnalogShaftEncoder.updateDirection(boolean)
865a 86b1 OdometricLocalizer.<init>(com.ridgesoft.robotics.ShaftEncoder, com.ridgesoft.robotics.ShaftEncoder, float, float, int, int, int)
86cc 87b0 OdometricLocalizer.run()
87b4 87c4 OdometricLocalizer.this()
87c9 87dd OdometricLocalizer.getPose()
8862 88b3 DifferentialDriveNavigator.<init>(com.ridgesoft.robotics.Motor, com.ridgesoft.robotics.Motor, Localizer, int, int, float, float, float, int, int)
88c0 8906 DifferentialDriveNavigator.run()
890a 8988 DifferentialDriveNavigator.goToPoint()
898c 89e5 DifferentialDriveNavigator.goHeading()
89e9 8a94 DifferentialDriveNavigator.doRotate()
8a98 8aaf DifferentialDriveNavigator.updateListener(boolean, NavigatorListener)
8ab4 8abd DifferentialDriveNavigator.moveTo(float, float, boolean)
8ac9 8aed DifferentialDriveNavigator.moveTo(float, float, boolean, NavigatorListener)
8b3f 8b94 IRSensor.<init>(BlockingQueue, float, int, int)
8ba1 8c06 IRSensor.run()
8c45 8c69 ScreenManager.<init>(com.ridgesoft.io.Display, Screen[], com.ridgesoft.robotics.AnalogInput, int, int)
8c7d 8cc3 ScreenManager.run()
8d0f 8d19 java.lang.String.createString(byte[])
8d1d 8d2c java.lang.String.<init>(byte[], int)
8d31 8d3c java.lang.String.getBytes()
8d41 8d43 java.lang.String.toString()
8d47 8d4c java.lang.String.valueOf(java.lang.Object)
8d50 8d61 java.lang.String.<init>()
8d65 8d7a java.lang.String.<init>(byte[])
8d7f 8d85 java.lang.String.length()
8d8a 8dac java.lang.String.getBytes(int, int, byte[], int)
8db0 8de0 java.lang.String.<init>(char[], int, int)
8de4 8e0e java.lang.String.<init>(byte[], int, int)
8ea2 8fa0 java.lang.Throwable.vmThrow(int)
8fac 8fd1 java.lang.Throwable.<init>()
8fde 9083 java.lang.Throwable.printStackTrace()
9087 90ae java.lang.Throwable.<clinit>()
90b7 90bf java.lang.Throwable.init()
90cb 910d java.lang.Throwable.<init>(java.lang.String)
91b3 91bd java.lang.InternalError.<init>()
91c1 91cc java.lang.InternalError.<init>(java.lang.String)
91fb 9205 java.lang.OutOfMemoryError.<init>()
9209 9214 java.lang.OutOfMemoryError.<init>(java.lang.String)
9245 924f java.lang.StackOverflowError.<init>()
9253 925e java.lang.StackOverflowError.<init>(java.lang.String)
965e 9815 MyBot.main(java.lang.String[])
9849 985f java.io.OutputStream.write(byte[])
9869 986a java.io.OutputStream.flush()
986f 988d java.io.OutputStream.write(byte[], int, int)
98c8 98d2 java.io.FilterOutputStream.<init>(java.io.OutputStream)
98d7 98e0 java.io.FilterOutputStream.write(byte[])
98e5 98ee java.io.FilterOutputStream.write(int)
98f3 98fb java.io.FilterOutputStream.flush()
9900 990b java.io.FilterOutputStream.write(byte[], int, int)
993e 9949 java.io.PrintStream.<init>(java.io.OutputStream)
994e 9958 java.io.PrintStream.println(java.lang.String)
9965 997c java.io.PrintStream.print(java.lang.String)
9989 99a3 java.io.PrintStream.println()
99dd 99ec com.ridgesoft.io.OutputStreamTee.<init>(java.io.OutputStream, java.io.OutputStream)
9a00 9a19 com.ridgesoft.io.OutputStreamTee.write(byte[])
9a2d 9a46 com.ridgesoft.io.OutputStreamTee.write(int)
9a5a 9a71 com.ridgesoft.io.OutputStreamTee.flush()
9a85 9aa2 com.ridgesoft.io.OutputStreamTee.write(byte[], int, int)
9af1 9b54 com.ridgesoft.io.DisplayOutputStream.<init>(com.ridgesoft.io.Display)
9b58 9b65 com.ridgesoft.io.DisplayOutputStream.<clinit>()
9b6a 9b73 com.ridgesoft.io.DisplayOutputStream.write(byte[])
9b78 9bc5 com.ridgesoft.io.DisplayOutputStream.write(int)
9bca 9bf6 com.ridgesoft.io.DisplayOutputStream.flush()
9bfb 9c07 com.ridgesoft.io.DisplayOutputStream.write(byte[], int, int)
9c0b 9c89 com.ridgesoft.io.DisplayOutputStream.scroll()
9cd3 9cdc com.ridgesoft.vm.DebugOutputStream.write(byte[])
9ce0 9ce5 com.ridgesoft.vm.DebugOutputStream.<clinit>()
9cea 9d33 com.ridgesoft.vm.DebugOutputStream.write(int)
9d40 9d61 com.ridgesoft.vm.DebugOutputStream.flush()
9d66 9d72 com.ridgesoft.vm.DebugOutputStream.write(byte[], int, int)
9d95 9d99 com.ridgesoft.vm.VM.getDebugOutputStream()
9da7 9db6 com.ridgesoft.vm.VM.<clinit>()
9dc9 9dd8 com.ridgesoft.vm.VM.isSet(int, int)
9e2c 9e43 com.ridgesoft.intellibrain.IntelliBrain.getOutputStream()
9e47 9e5b com.ridgesoft.intellibrain.IntelliBrain.getLcdDisplay()
9e5f 9e79 com.ridgesoft.intellibrain.IntelliBrain.getStartButton()
9e7d 9e97 com.ridgesoft.intellibrain.IntelliBrain.getStopButton()
9e9b 9f10 com.ridgesoft.intellibrain.IntelliBrain.getAnalogInput(int)
9f14 9f57 com.ridgesoft.intellibrain.IntelliBrain.getServo(int)
9f60 9f79 com.ridgesoft.intellibrain.IntelliBrain.getThumbWheel()
9f7d a038 com.ridgesoft.intellibrain.IntelliBrain.getPinPortData(byte)
a03c a043 com.ridgesoft.intellibrain.IntelliBrain.<clinit>()
a04f a0f5 com.ridgesoft.intellibrain.IntelliBrain.initialize()
a126 a12b java.lang.System.setOut(java.io.PrintStream)
a12f a134 java.lang.System.setErr(java.io.PrintStream)
a1a0 a1b1 BlockingQueue.<init>()
a1b5 a1cb BlockingQueue.this()
a1d0 a1fa BlockingQueue.put(int)
a1ff a22a BlockingQueue.get()
a237 a250 BlockingQueue.waitWhileFull()
a25d a274 BlockingQueue.waitWhileEmpty()
a2e7 a301 ContinuousRotationServo.<init>(com.ridgesoft.robotics.Servo, boolean, int, DirectionListener)
a306 a364 ContinuousRotationServo.setPower(int)
a3d8 a40d Home_FSM.<init>(Navigator, Localizer)
a421 a479 Home_FSM.run()
a47d a4b8 Home_FSM.reverse(float)
a4bd a4eb Home_FSM.dispatch(int)
a55f a584 Home_Behavior.<init>(Home_FSM, BlockingQueue)
a589 a59c Home_Behavior.run()
a5a1 a5a4 Home_Behavior.toString()
a5ef a5f9 com.ridgesoft.io.Display.print(int, java.lang.String)
a5fe a632 com.ridgesoft.io.Display.print(int, byte[])
a637 a63c com.ridgesoft.io.Display.getWidth()
a641 a646 com.ridgesoft.io.Display.getHeight()
a64a a65b com.ridgesoft.io.Display.<init>(int, int)
a695 a69d com.ridgesoft.intellibrain.IntelliBrainDisplay.<init>()
a6a2 a6a9 com.ridgesoft.intellibrain.IntelliBrainDisplay.printChar(int, int, byte)
a71a a724 PoseScreen.<init>(Localizer)
a729 a76c PoseScreen.update(com.ridgesoft.io.Display)
a7bf a7ce EncoderCountsScreen.<init>(com.ridgesoft.robotics.ShaftEncoder, com.ridgesoft.robotics.ShaftEncoder)
a7d3 a812 EncoderCountsScreen.update(com.ridgesoft.io.Display)
a867 a876 WheelSensorScreen.<init>(com.ridgesoft.robotics.AnalogInput, com.ridgesoft.robotics.AnalogInput)
a87b a8b6 WheelSensorScreen.update(com.ridgesoft.io.Display)
a8ee a8fd StaticTextScreen.<init>(java.lang.String, java.lang.String)
a902 a915 StaticTextScreen.update(com.ridgesoft.io.Display)
a93b a940 java.lang.Class.getName()
a944 a94e java.lang.Class.<init>(java.lang.String)
a9fd aa18 java.lang.StringBuilder.<init>(java.lang.String)
aa1d aa46 java.lang.StringBuilder.append(java.lang.String)
aa4b aa5c java.lang.StringBuilder.toString()
aa61 aabc java.lang.StringBuilder.append(int)
aac1 aafa java.lang.StringBuilder.ensureCapacity(int)
aaff ab2c java.lang.StringBuilder.append(char[], int, int)
ab30 ab42 java.lang.StringBuilder.<init>()
ab47 ac1e java.lang.StringBuilder.append(float)
ac23 ac2a java.lang.StringBuilder.append(double)
ac2f ac4d java.lang.StringBuilder.append(char)
ac74 acb8 java.lang.Integer.toHexString(int)
acbd acc5 java.lang.Integer.toString()
acc9 acd8 java.lang.Integer.toString(int)
ad0d ad1c com.ridgesoft.intellibrain.IntelliBrainPinPort.<init>(com.ridgesoft.intellibrain.IntelliBrainPinPortData)
ad21 ad52 com.ridgesoft.intellibrain.IntelliBrainPinPort.setPullUp(boolean)
ada1 adac com.ridgesoft.intellibrain.IntelliBrainButtonLed.<init>(com.ridgesoft.intellibrain.IntelliBrainPinPortData, byte)
adb9 adcb com.ridgesoft.intellibrain.IntelliBrainButtonLed.waitReleased()
add0 add8 com.ridgesoft.intellibrain.IntelliBrainButtonLed.isPressed()
ae28 ae30 com.ridgesoft.intellibrain.IntelliBrainAnalogInput.toString()
ae34 ae3b com.ridgesoft.intellibrain.IntelliBrainAnalogInput.<clinit>()
ae40 ae4b com.ridgesoft.intellibrain.IntelliBrainAnalogInput.sample()
ae4f ae58 com.ridgesoft.intellibrain.IntelliBrainAnalogInput.enableAToD()
ae5d ae61 com.ridgesoft.intellibrain.IntelliBrainAnalogInput.getMaximum()
ae65 ae89 com.ridgesoft.intellibrain.IntelliBrainAnalogInput.sample(byte)
aed6 aeeb com.ridgesoft.intellibrain.IntelliBrainExpAnalogInput.<init>(com.ridgesoft.intellibrain.IntelliBrainPinPortData, byte, boolean)
aef0 aef5 com.ridgesoft.intellibrain.IntelliBrainExpAnalogInput.sample()
aef9 af1a com.ridgesoft.intellibrain.IntelliBrainExpAnalogInput.expansionSample(com.ridgesoft.intellibrain.IntelliBrainExpAnalogInput)
af23 af29 com.ridgesoft.intellibrain.IntelliBrainExpAnalogInput.setMuxPortPullUp(boolean)
af2e af47 com.ridgesoft.intellibrain.IntelliBrainExpAnalogInput.setPullUp(boolean)
afcd afd8 com.ridgesoft.intellibrain.IntelliBrainServo.<init>(int)
afdd afe6 com.ridgesoft.intellibrain.IntelliBrainServo.off()
afeb aff4 com.ridgesoft.intellibrain.IntelliBrainServo.setPosition(int)
b062 b076 Pose.<init>(float, float, float)
b0f0 b110 com.ridgesoft.robotics.sensors.SharpGP2D12.<init>(com.ridgesoft.robotics.AnalogInput, com.ridgesoft.robotics.DigitalOutput)
b11d b15e com.ridgesoft.robotics.sensors.SharpGP2D12.ping()
b163 b176 com.ridgesoft.robotics.sensors.SharpGP2D12.getDistanceInches()
b17b b1a6 com.ridgesoft.robotics.sensors.SharpGP2D12.getDistanceCm()
b201 b221 com.ridgesoft.intellibrain.IntelliBrainPinPortData.<init>(byte, short, short, short, byte)
b2f3 b39b java.lang.Math.cos(double)
b39f b3a8 java.lang.Math.sin(double)
b3ac b41f java.lang.Math.atan2(double, double)
b423 b42e java.lang.Math.abs(float)
b432 b452 java.lang.Math.atan2Helper(double)
b456 b45c java.lang.Math.toDegrees(double)
b460 b4e9 java.lang.Math.log(double)
b4ed b4f7 java.lang.Math.pow(double, double)
b4fb b55d java.lang.Math.exp(double)
b5b5 b5c5 java.lang.Float.isNaN(float)
b5c9 b5d9 java.lang.Float.isInfinite(float)
b5de b5e5 java.lang.Float.toString()
b5ee b5fd java.lang.Float.toString(float)
b601 b629 java.lang.Float.<clinit>()
b681 b688 java.lang.Double.toString()
b68c b69b java.lang.Double.toString(double)
b69f b6cc java.lang.Double.<clinit>()
b742 b75d java.lang.StringBuffer.<init>(java.lang.String)
b762 b7bd java.lang.StringBuffer.append(int)
b7c2 b7d3 java.lang.StringBuffer.toString()
b7d7 b7e9 java.lang.StringBuffer.<init>()
b7ee b817 java.lang.StringBuffer.append(java.lang.String)
b81c b849 java.lang.StringBuffer.append(char[], int, int)
b84e b887 java.lang.StringBuffer.ensureCapacity(int)
