Load Map - Fri May 27 18:21:48 PDT 2016

Main class:       MyBot
Classes:          81
Interfaces:       13
Methods:          252
Constants:        180
Instance fields:  181
Static fields:    39
Static data size: 219
Code size:        14598
Start address:    8000
End address:      b905

813e 8162 java.lang.Object.toString()
8166 8167 java.lang.Object.<init>()
816c 817f java.lang.Object.getClass()
8189 819d java.lang.Object.clone()
81b3 81b9 java.lang.Object.wait()
81be 81ea java.lang.Object.wait(long)
82fd 830e java.lang.Thread.run()
8313 8319 java.lang.Thread.setName(java.lang.String)
831d 8348 java.lang.Thread.sleep(long)
834c 8364 java.lang.Thread.<init>(java.lang.Runnable)
8374 8379 java.lang.Thread.<clinit>()
8387 838d java.lang.Thread.<init>()
8392 83ab java.lang.Thread.setPriority(int)
83af 83ce java.lang.Thread.<init>(java.lang.Runnable, java.lang.String)
83d3 8403 java.lang.Thread.toString()
8417 841c java.lang.Thread.getName()
8476 84b5 com.ridgesoft.intellibrain.StartupThread.run()
850f 853d AnalogShaftEncoder.<init>(com.ridgesoft.robotics.AnalogInput, int, int, int, int)
854a 85d0 AnalogShaftEncoder.run()
85d5 85da AnalogShaftEncoder.getCounts()
85df 85e5 AnalogShaftEncoder.updateDirection(boolean)
865a 86b1 OdometricLocalizer.<init>(com.ridgesoft.robotics.ShaftEncoder, com.ridgesoft.robotics.ShaftEncoder, float, float, int, int, int)
86cc 87b0 OdometricLocalizer.run()
87b4 87c4 OdometricLocalizer.this()
87c9 87dd OdometricLocalizer.getPose()
8862 88b3 DifferentialDriveNavigator.<init>(com.ridgesoft.robotics.Motor, com.ridgesoft.robotics.Motor, Localizer, int, int, float, float, float, int, int)
88c0 8906 DifferentialDriveNavigator.run()
890a 8988 DifferentialDriveNavigator.goToPoint()
898c 89e5 DifferentialDriveNavigator.goHeading()
89e9 8a94 DifferentialDriveNavigator.doRotate()
8a98 8aaf DifferentialDriveNavigator.updateListener(boolean, NavigatorListener)
8ab4 8abd DifferentialDriveNavigator.moveTo(float, float, boolean)
8ac9 8aed DifferentialDriveNavigator.moveTo(float, float, boolean, NavigatorListener)
8b3f 8b94 IRSensor.<init>(BlockingQueue, float, int, int)
8ba1 8c06 IRSensor.run()
8c45 8c69 ScreenManager.<init>(com.ridgesoft.io.Display, Screen[], com.ridgesoft.robotics.AnalogInput, int, int)
8c7d 8cc3 ScreenManager.run()
8d0f 8d19 java.lang.String.createString(byte[])
8d1d 8d2c java.lang.String.<init>(byte[], int)
8d31 8d3c java.lang.String.getBytes()
8d41 8d43 java.lang.String.toString()
8d47 8d4c java.lang.String.valueOf(java.lang.Object)
8d50 8d61 java.lang.String.<init>()
8d65 8d7a java.lang.String.<init>(byte[])
8d7f 8d85 java.lang.String.length()
8d8a 8dac java.lang.String.getBytes(int, int, byte[], int)
8db0 8de0 java.lang.String.<init>(char[], int, int)
8de4 8e0e java.lang.String.<init>(byte[], int, int)
8ea2 8fa0 java.lang.Throwable.vmThrow(int)
8fac 8fd1 java.lang.Throwable.<init>()
8fde 9083 java.lang.Throwable.printStackTrace()
9087 90ae java.lang.Throwable.<clinit>()
90b7 90bf java.lang.Throwable.init()
90cb 910d java.lang.Throwable.<init>(java.lang.String)
91b3 91bd java.lang.InternalError.<init>()
91c1 91cc java.lang.InternalError.<init>(java.lang.String)
91fb 9205 java.lang.OutOfMemoryError.<init>()
9209 9214 java.lang.OutOfMemoryError.<init>(java.lang.String)
9245 924f java.lang.StackOverflowError.<init>()
9253 925e java.lang.StackOverflowError.<init>(java.lang.String)
965e 9816 MyBot.main(java.lang.String[])
984a 9860 java.io.OutputStream.write(byte[])
986a 986b java.io.OutputStream.flush()
9870 988e java.io.OutputStream.write(byte[], int, int)
98c9 98d3 java.io.FilterOutputStream.<init>(java.io.OutputStream)
98d8 98e1 java.io.FilterOutputStream.write(byte[])
98e6 98ef java.io.FilterOutputStream.write(int)
98f4 98fc java.io.FilterOutputStream.flush()
9901 990c java.io.FilterOutputStream.write(byte[], int, int)
993f 994a java.io.PrintStream.<init>(java.io.OutputStream)
994f 9959 java.io.PrintStream.println(java.lang.String)
9966 997d java.io.PrintStream.print(java.lang.String)
998a 99a4 java.io.PrintStream.println()
99de 99ed com.ridgesoft.io.OutputStreamTee.<init>(java.io.OutputStream, java.io.OutputStream)
9a01 9a1a com.ridgesoft.io.OutputStreamTee.write(byte[])
9a2e 9a47 com.ridgesoft.io.OutputStreamTee.write(int)
9a5b 9a72 com.ridgesoft.io.OutputStreamTee.flush()
9a86 9aa3 com.ridgesoft.io.OutputStreamTee.write(byte[], int, int)
9af2 9b55 com.ridgesoft.io.DisplayOutputStream.<init>(com.ridgesoft.io.Display)
9b59 9b66 com.ridgesoft.io.DisplayOutputStream.<clinit>()
9b6b 9b74 com.ridgesoft.io.DisplayOutputStream.write(byte[])
9b79 9bc6 com.ridgesoft.io.DisplayOutputStream.write(int)
9bcb 9bf7 com.ridgesoft.io.DisplayOutputStream.flush()
9bfc 9c08 com.ridgesoft.io.DisplayOutputStream.write(byte[], int, int)
9c0c 9c8a com.ridgesoft.io.DisplayOutputStream.scroll()
9cd4 9cdd com.ridgesoft.vm.DebugOutputStream.write(byte[])
9ce1 9ce6 com.ridgesoft.vm.DebugOutputStream.<clinit>()
9ceb 9d34 com.ridgesoft.vm.DebugOutputStream.write(int)
9d41 9d62 com.ridgesoft.vm.DebugOutputStream.flush()
9d67 9d73 com.ridgesoft.vm.DebugOutputStream.write(byte[], int, int)
9d96 9d9a com.ridgesoft.vm.VM.getDebugOutputStream()
9da8 9db7 com.ridgesoft.vm.VM.<clinit>()
9dca 9dd9 com.ridgesoft.vm.VM.isSet(int, int)
9e2d 9e44 com.ridgesoft.intellibrain.IntelliBrain.getOutputStream()
9e48 9e5c com.ridgesoft.intellibrain.IntelliBrain.getLcdDisplay()
9e60 9e7a com.ridgesoft.intellibrain.IntelliBrain.getStartButton()
9e7e 9e98 com.ridgesoft.intellibrain.IntelliBrain.getStopButton()
9e9c 9f11 com.ridgesoft.intellibrain.IntelliBrain.getAnalogInput(int)
9f15 9f58 com.ridgesoft.intellibrain.IntelliBrain.getServo(int)
9f61 9f7a com.ridgesoft.intellibrain.IntelliBrain.getThumbWheel()
9f7e a039 com.ridgesoft.intellibrain.IntelliBrain.getPinPortData(byte)
a03d a044 com.ridgesoft.intellibrain.IntelliBrain.<clinit>()
a050 a0f6 com.ridgesoft.intellibrain.IntelliBrain.initialize()
a127 a12c java.lang.System.setOut(java.io.PrintStream)
a130 a135 java.lang.System.setErr(java.io.PrintStream)
a1a1 a1b2 BlockingQueue.<init>()
a1b6 a1cc BlockingQueue.this()
a1d1 a1fb BlockingQueue.put(int)
a200 a22b BlockingQueue.get()
a238 a251 BlockingQueue.waitWhileFull()
a25e a275 BlockingQueue.waitWhileEmpty()
a2e8 a302 ContinuousRotationServo.<init>(com.ridgesoft.robotics.Servo, boolean, int, DirectionListener)
a307 a365 ContinuousRotationServo.setPower(int)
a3de a40e Home_FSM.<init>(Navigator, Localizer)
a429 a4b0 Home_FSM.run()
a4b4 a4ef Home_FSM.reverse(float)
a4f3 a52e Home_FSM.forward(float)
a533 a56a Home_FSM.dispatch(int)
a5de a603 Home_Behavior.<init>(Home_FSM, BlockingQueue)
a608 a61b Home_Behavior.run()
a620 a623 Home_Behavior.toString()
a66e a678 com.ridgesoft.io.Display.print(int, java.lang.String)
a67d a6b1 com.ridgesoft.io.Display.print(int, byte[])
a6b6 a6bb com.ridgesoft.io.Display.getWidth()
a6c0 a6c5 com.ridgesoft.io.Display.getHeight()
a6c9 a6da com.ridgesoft.io.Display.<init>(int, int)
a714 a71c com.ridgesoft.intellibrain.IntelliBrainDisplay.<init>()
a721 a728 com.ridgesoft.intellibrain.IntelliBrainDisplay.printChar(int, int, byte)
a799 a7a3 PoseScreen.<init>(Localizer)
a7a8 a7eb PoseScreen.update(com.ridgesoft.io.Display)
a83e a84d EncoderCountsScreen.<init>(com.ridgesoft.robotics.ShaftEncoder, com.ridgesoft.robotics.ShaftEncoder)
a852 a891 EncoderCountsScreen.update(com.ridgesoft.io.Display)
a8e6 a8f5 WheelSensorScreen.<init>(com.ridgesoft.robotics.AnalogInput, com.ridgesoft.robotics.AnalogInput)
a8fa a935 WheelSensorScreen.update(com.ridgesoft.io.Display)
a96d a97c StaticTextScreen.<init>(java.lang.String, java.lang.String)
a981 a994 StaticTextScreen.update(com.ridgesoft.io.Display)
a9ba a9bf java.lang.Class.getName()
a9c3 a9cd java.lang.Class.<init>(java.lang.String)
aa7c aa97 java.lang.StringBuilder.<init>(java.lang.String)
aa9c aac5 java.lang.StringBuilder.append(java.lang.String)
aaca aadb java.lang.StringBuilder.toString()
aae0 ab3b java.lang.StringBuilder.append(int)
ab40 ab79 java.lang.StringBuilder.ensureCapacity(int)
ab7e abab java.lang.StringBuilder.append(char[], int, int)
abaf abc1 java.lang.StringBuilder.<init>()
abc6 ac9d java.lang.StringBuilder.append(float)
aca2 aca9 java.lang.StringBuilder.append(double)
acae accc java.lang.StringBuilder.append(char)
acf3 ad37 java.lang.Integer.toHexString(int)
ad3c ad44 java.lang.Integer.toString()
ad48 ad57 java.lang.Integer.toString(int)
ad8c ad9b com.ridgesoft.intellibrain.IntelliBrainPinPort.<init>(com.ridgesoft.intellibrain.IntelliBrainPinPortData)
ada0 add1 com.ridgesoft.intellibrain.IntelliBrainPinPort.setPullUp(boolean)
ae20 ae2b com.ridgesoft.intellibrain.IntelliBrainButtonLed.<init>(com.ridgesoft.intellibrain.IntelliBrainPinPortData, byte)
ae38 ae4a com.ridgesoft.intellibrain.IntelliBrainButtonLed.waitReleased()
ae4f ae57 com.ridgesoft.intellibrain.IntelliBrainButtonLed.isPressed()
aea7 aeaf com.ridgesoft.intellibrain.IntelliBrainAnalogInput.toString()
aeb3 aeba com.ridgesoft.intellibrain.IntelliBrainAnalogInput.<clinit>()
aebf aeca com.ridgesoft.intellibrain.IntelliBrainAnalogInput.sample()
aece aed7 com.ridgesoft.intellibrain.IntelliBrainAnalogInput.enableAToD()
aedc aee0 com.ridgesoft.intellibrain.IntelliBrainAnalogInput.getMaximum()
aee4 af08 com.ridgesoft.intellibrain.IntelliBrainAnalogInput.sample(byte)
af55 af6a com.ridgesoft.intellibrain.IntelliBrainExpAnalogInput.<init>(com.ridgesoft.intellibrain.IntelliBrainPinPortData, byte, boolean)
af6f af74 com.ridgesoft.intellibrain.IntelliBrainExpAnalogInput.sample()
af78 af99 com.ridgesoft.intellibrain.IntelliBrainExpAnalogInput.expansionSample(com.ridgesoft.intellibrain.IntelliBrainExpAnalogInput)
afa2 afa8 com.ridgesoft.intellibrain.IntelliBrainExpAnalogInput.setMuxPortPullUp(boolean)
afad afc6 com.ridgesoft.intellibrain.IntelliBrainExpAnalogInput.setPullUp(boolean)
b04c b057 com.ridgesoft.intellibrain.IntelliBrainServo.<init>(int)
b05c b065 com.ridgesoft.intellibrain.IntelliBrainServo.off()
b06a b073 com.ridgesoft.intellibrain.IntelliBrainServo.setPosition(int)
b0e1 b0f5 Pose.<init>(float, float, float)
b16f b18f com.ridgesoft.robotics.sensors.SharpGP2D12.<init>(com.ridgesoft.robotics.AnalogInput, com.ridgesoft.robotics.DigitalOutput)
b19c b1dd com.ridgesoft.robotics.sensors.SharpGP2D12.ping()
b1e2 b1f5 com.ridgesoft.robotics.sensors.SharpGP2D12.getDistanceInches()
b1fa b225 com.ridgesoft.robotics.sensors.SharpGP2D12.getDistanceCm()
b280 b2a0 com.ridgesoft.intellibrain.IntelliBrainPinPortData.<init>(byte, short, short, short, byte)
b372 b41a java.lang.Math.cos(double)
b41e b427 java.lang.Math.sin(double)
b42b b49e java.lang.Math.atan2(double, double)
b4a2 b4ad java.lang.Math.abs(float)
b4b1 b4d1 java.lang.Math.atan2Helper(double)
b4d5 b4db java.lang.Math.toDegrees(double)
b4df b568 java.lang.Math.log(double)
b56c b576 java.lang.Math.pow(double, double)
b57a b5dc java.lang.Math.exp(double)
b634 b644 java.lang.Float.isNaN(float)
b648 b658 java.lang.Float.isInfinite(float)
b65d b664 java.lang.Float.toString()
b66d b67c java.lang.Float.toString(float)
b680 b6a8 java.lang.Float.<clinit>()
b700 b707 java.lang.Double.toString()
b70b b71a java.lang.Double.toString(double)
b71e b74b java.lang.Double.<clinit>()
b7c1 b7dc java.lang.StringBuffer.<init>(java.lang.String)
b7e1 b83c java.lang.StringBuffer.append(int)
b841 b852 java.lang.StringBuffer.toString()
b856 b868 java.lang.StringBuffer.<init>()
b86d b896 java.lang.StringBuffer.append(java.lang.String)
b89b b8c8 java.lang.StringBuffer.append(char[], int, int)
b8cd b906 java.lang.StringBuffer.ensureCapacity(int)
